// Jest Snapshot v1, https://goo.gl/fbAQLP

exports[`App Should snapshot App 1`] = `
<BrowserRouter>
  <div>
    <Route
      component={[Function]}
      exact={true}
      path="/"
    />
    <Route
      component={[Function]}
      path="/video-detail:id"
    />
  </div>
</BrowserRouter>
`;
